ping_request
ping_response
store_request
find_peer_request
find_peer_response
find_value_request
find_value_response
